﻿
> build
> react-router build

Using Vite Environment API (experimental)
[36mvite v6.4.1 [32mbuilding for production...[36m[39m
transforming...
[32mΓ£ô[39m 1754 modules transformed.
node.exe : [33mGenerated an empty chunk: "api.papers".[39m
At line:1 char:1
+ & "C:\Program Files\nodejs\versions\v25.8.2/node.exe" "C:\Program Fil ...
+ ~~~~~~~~~~~~~~~~~~~~~~~~~~~~~~~~~~~~~~~~~~~~~~~~~~~~~~~~~~~~~~~~~~~~~
    + CategoryInfo          : NotSpecified: ([33mGenerated ...i.papers".[39m:String) [], RemoteException
    + FullyQualifiedErrorId : NativeCommandError
 
[33mGenerated an empty chunk: "api.papers._".[39m
[33mGenerated an empty chunk: "api.summarize._".[39m
rendering chunks...
computing gzip size...
[2mbuild/client/[22m[32m.vite/manifest.json                 [39m[1m[2m  1.76 kB[22m[1m[22m[2m Γöé gzip:  0.39 kB[22m
[2mbuild/client/[22m[35massets/root-B9uB6TIG.css            [39m[1m[2m 22.88 kB[22m[1m[22m[2m Γöé gzip:  4.84 kB[22m
[2mbuild/client/[22m[36massets/api.papers-l0sNRNKZ.js       [39m[1m[2m  0.00 kB[22m[1m[22m[2m Γöé gzip:  0.02 kB[22m
[2mbuild/client/[22m[36massets/api.papers._-l0sNRNKZ.js     [39m[1m[2m  0.00 kB[22m[1m[22m[2m Γöé gzip:  0.02 kB[22m
[2mbuild/client/[22m[36massets/api.summarize._-l0sNRNKZ.js  [39m[1m[2m  0.00 kB[22m[1m[22m[2m Γöé gzip:  0.02 kB[22m
[2mbuild/client/[22m[36massets/root-CtJeNoVY.js             [39m[1m[2m  1.14 kB[22m[1m[22m[2m Γöé gzip:  0.64 kB[22m
[2mbuild/client/[22m[36massets/home-CbHlcF9d.js             [39m[1m[2m 11.80 kB[22m[1m[22m[2m Γöé gzip:  3.88 kB[22m
[2mbuild/client/[22m[36massets/chunk-4WY6JWTD-Cts4Hxif.js   [39m[1m[2m120.91 kB[22m[1m[22m[2m Γöé gzip: 40.85 kB[22m
[2mbuild/client/[22m[36massets/entry.client-S2CctKcB.js     [39m[1m[2m191.30 kB[22m[1m[22m[2m Γöé gzip: 60.18 kB[22m
[32mΓ£ô built in 6.67s[39m
[36mvite v6.4.1 [32mbuilding SSR bundle for production...[36m[39m
transforming...
[32mΓ£ô[39m 1769 modules transformed.
[31mΓ£ù[39m Build failed in 3.46s
[31mapp/routes/api.papers.tsx (1:9): "json" is not exported by 
"node_modules/react-router/dist/development/index.mjs", imported by "app/routes/api.papers.tsx".[39m
file: [36mC:/Users/wangh/workspace/cloudflareproject/red-smoke-b2ed/app/routes/api.papers.tsx:1:9[39m
[33m
1: import { json } from "react-router";
            ^
2: import type { Route } from "./+types/api.papers";
[39m
    at getRollupError (file:///C:/Users/wangh/workspace/cloudflareproject/red-smoke-b2ed/node_modules/rollup/dist/es/sh
ared/parseAst.js:401:41)
    at error (file:///C:/Users/wangh/workspace/cloudflareproject/red-smoke-b2ed/node_modules/rollup/dist/es/shared/pars
eAst.js:397:42)
    at Module.error (file:///C:/Users/wangh/workspace/cloudflareproject/red-smoke-b2ed/node_modules/rollup/dist/es/shar
ed/node-entry.js:16994:16)
    at Module.traceVariable (file:///C:/Users/wangh/workspace/cloudflareproject/red-smoke-b2ed/node_modules/rollup/dist
/es/shared/node-entry.js:17450:29)
    at ModuleScope.findVariable (file:///C:/Users/wangh/workspace/cloudflareproject/red-smoke-b2ed/node_modules/rollup/
dist/es/shared/node-entry.js:15113:39)
    at FunctionScope.findVariable (file:///C:/Users/wangh/workspace/cloudflareproject/red-smoke-b2ed/node_modules/rollu
p/dist/es/shared/node-entry.js:5674:38)
    at FunctionBodyScope.findVariable (file:///C:/Users/wangh/workspace/cloudflareproject/red-smoke-b2ed/node_modules/r
ollup/dist/es/shared/node-entry.js:5674:38)
    at TrackingScope.findVariable (file:///C:/Users/wangh/workspace/cloudflareproject/red-smoke-b2ed/node_modules/rollu
p/dist/es/shared/node-entry.js:5674:38)
    at BlockScope.findVariable (file:///C:/Users/wangh/workspace/cloudflareproject/red-smoke-b2ed/node_modules/rollup/d
ist/es/shared/node-entry.js:5674:38)
    at Identifier.bind (file:///C:/Users/wangh/workspace/cloudflareproject/red-smoke-b2ed/node_modules/rollup/dist/es/s
hared/node-entry.js:5448:40) {
  binding: 'json',
  code: 'MISSING_EXPORT',
  exporter: 
'C:/Users/wangh/workspace/cloudflareproject/red-smoke-b2ed/node_modules/react-router/dist/development/index.mjs',
  id: 'C:/Users/wangh/workspace/cloudflareproject/red-smoke-b2ed/app/routes/api.papers.tsx',
  url: 'https://rollupjs.org/troubleshooting/#error-name-is-not-exported-by-module',
  pos: 9,
  loc: {
    column: 9,
    file: 'C:/Users/wangh/workspace/cloudflareproject/red-smoke-b2ed/app/routes/api.papers.tsx',
    line: 1
  },
  frame: '1: import { json } from "react-router";\n' +
    '            ^\n' +
    '2: import type { Route } from "./+types/api.papers";',
  watchFiles: [
    'C:/Users/wangh/workspace/cloudflareproject/red-smoke-b2ed/node_modules/@cloudflare/unenv-preset/dist/runtime/polyf
ill/performance.mjs',
    'C:/Users/wangh/workspace/cloudflareproject/red-smoke-b2ed/workers/app.ts',
    'C:/Users/wangh/workspace/cloudflareproject/red-smoke-b2ed/node_modules/@cloudflare/unenv-preset/dist/runtime/node/
console.mjs',
    'C:/Users/wangh/workspace/cloudflareproject/red-smoke-b2ed/node_modules/@cloudflare/unenv-preset/dist/runtime/node/
process.mjs',
    'C:/Users/wangh/workspace/cloudflareproject/red-smoke-b2ed/node_modules/unenv/dist/runtime/node/perf_hooks.mjs',
    'C:/Users/wangh/workspace/cloudflareproject/red-smoke-b2ed/node_modules/unenv/dist/runtime/node/internal/process/pr
ocess.mjs',
    'C:/Users/wangh/workspace/cloudflareproject/red-smoke-b2ed/node_modules/unenv/dist/runtime/node/internal/process/hr
time.mjs',
    'C:/Users/wangh/workspace/cloudflareproject/red-smoke-b2ed/node_modules/unenv/dist/runtime/node/console.mjs',
    'C:/Users/wangh/workspace/cloudflareproject/red-smoke-b2ed/node_modules/unenv/dist/runtime/node/internal/perf_hooks
/performance.mjs',
    'C:/Users/wangh/workspace/cloudflareproject/red-smoke-b2ed/node_modules/unenv/dist/runtime/node/internal/perf_hooks
/constants.mjs',
    'C:/Users/wangh/workspace/cloudflareproject/red-smoke-b2ed/node_modules/unenv/dist/runtime/_internal/utils.mjs',
    'C:/Users/wangh/workspace/cloudflareproject/red-smoke-b2ed/node_modules/unenv/dist/runtime/mock/noop.mjs',
    'C:/Users/wangh/workspace/cloudflareproject/red-smoke-b2ed/node_modules/unenv/dist/runtime/node/internal/process/no
de-version.mjs',
    'C:/Users/wangh/workspace/cloudflareproject/red-smoke-b2ed/node_modules/unenv/dist/runtime/node/tty.mjs',
    'C:/Users/wangh/workspace/cloudflareproject/red-smoke-b2ed/node_modules/unenv/dist/runtime/node/internal/perf_hooks
/histogram.mjs',
    'C:/Users/wangh/workspace/cloudflareproject/red-smoke-b2ed/app/entry.server.tsx',
    'C:/Users/wangh/workspace/cloudflareproject/red-smoke-b2ed/app/routes/home.tsx',
    'C:/Users/wangh/workspace/cloudflareproject/red-smoke-b2ed/app/routes/api.papers.tsx',
    'C:/Users/wangh/workspace/cloudflareproject/red-smoke-b2ed/app/routes/api.papers.$.tsx',
    'C:/Users/wangh/workspace/cloudflareproject/red-smoke-b2ed/app/root.tsx',
    'C:/Users/wangh/workspace/cloudflareproject/red-smoke-b2ed/app/routes/api.summarize.$.tsx',
    'C:/Users/wangh/workspace/cloudflareproject/red-smoke-b2ed/node_modules/unenv/dist/runtime/node/internal/tty/write-
stream.mjs',
    'C:/Users/wangh/workspace/cloudflareproject/red-smoke-b2ed/node_modules/unenv/dist/runtime/node/internal/tty/read-s
tream.mjs',
    'C:/Users/wangh/workspace/cloudflareproject/red-smoke-b2ed/app/welcome/welcome.tsx',
    'C:/Users/wangh/workspace/cloudflareproject/red-smoke-b2ed/app/app.css',
    'C:\\Users\\wangh\\workspace\\cloudflareproject\\red-smoke-b2ed\\node_modules\\tailwindcss\\index.css',
    'C:\\Users\\wangh\\workspace\\cloudflareproject\\red-smoke-b2ed\\app\\entry.server.tsx',
    'C:\\Users\\wangh\\workspace\\cloudflareproject\\red-smoke-b2ed\\app\\papers.json',
    'C:\\Users\\wangh\\workspace\\cloudflareproject\\red-smoke-b2ed\\app\\root.tsx',
    'C:\\Users\\wangh\\workspace\\cloudflareproject\\red-smoke-b2ed\\app\\routes\\api.papers.$.tsx',
    'C:\\Users\\wangh\\workspace\\cloudflareproject\\red-smoke-b2ed\\app\\routes\\api.papers.tsx',
    'C:\\Users\\wangh\\workspace\\cloudflareproject\\red-smoke-b2ed\\app\\routes\\api.summarize.$.tsx',
    'C:\\Users\\wangh\\workspace\\cloudflareproject\\red-smoke-b2ed\\app\\routes\\home.tsx',
    'C:\\Users\\wangh\\workspace\\cloudflareproject\\red-smoke-b2ed\\app\\routes.ts',
    'C:\\Users\\wangh\\workspace\\cloudflareproject\\red-smoke-b2ed\\app\\welcome\\logo-dark.svg',
    'C:\\Users\\wangh\\workspace\\cloudflareproject\\red-smoke-b2ed\\app\\welcome\\logo-light.svg',
    'C:\\Users\\wangh\\workspace\\cloudflareproject\\red-smoke-b2ed\\app\\welcome\\welcome.tsx',
    'app/*',
    'app/routes/**/*.{aspx,astro,cjs,css,cts,eex,erb,gjs,gts,haml,handlebars,hbs,heex,html,jade,js,json,jsx,liquid,md,m
dx,mjs,mts,mustache,njk,nunjucks,php,pug,py,razor,rb,rhtml,rs,slim,svelte,svg,tpl,ts,tsx,twig,vue}',
    'C:/Users/wangh/workspace/cloudflareproject/red-smoke-b2ed/node_modules/react-router/dist/development/index.mjs',
    'app/welcome/**/*.{aspx,astro,cjs,css,cts,eex,erb,gjs,gts,haml,handlebars,hbs,heex,html,jade,js,json,jsx,liquid,md,
mdx,mjs,mts,mustache,njk,nunjucks,php,pug,py,razor,rb,rhtml,rs,slim,svelte,svg,tpl,ts,tsx,twig,vue}',
    'C:/Users/wangh/workspace/cloudflareproject/red-smoke-b2ed/node_modules/react-router/dist/development/chunk-G3INQAY
P.mjs',
    'C:/Users/wangh/workspace/cloudflareproject/red-smoke-b2ed/node_modules/react-router/dist/development/chunk-4WY6JWT
D.mjs',
    'C:/Users/wangh/workspace/cloudflareproject/red-smoke-b2ed/node_modules/isbot/index.mjs',
    'C:/Users/wangh/workspace/cloudflareproject/red-smoke-b2ed/node_modules/react/jsx-runtime.js',
    'C:/Users/wangh/workspace/cloudflareproject/red-smoke-b2ed/node_modules/react-dom/server.edge.js',
    'C:/Users/wangh/workspace/cloudflareproject/red-smoke-b2ed/node_modules/react/index.js',
    'C:/Users/wangh/workspace/cloudflareproject/red-smoke-b2ed/node_modules/cookie/dist/index.js',
    'C:/Users/wangh/workspace/cloudflareproject/red-smoke-b2ed/node_modules/set-cookie-parser/lib/set-cookie.js',
    'C:/Users/wangh/workspace/cloudflareproject/red-smoke-b2ed/node_modules/react/cjs/react-jsx-runtime.production.js',
    'C:/Users/wangh/workspace/cloudflareproject/red-smoke-b2ed/node_modules/react-dom/cjs/react-dom-server.edge.product
ion.js',
    'C:/Users/wangh/workspace/cloudflareproject/red-smoke-b2ed/node_modules/react-dom/cjs/react-dom-server-legacy.brows
er.production.js',
    'C:/Users/wangh/workspace/cloudflareproject/red-smoke-b2ed/node_modules/react/cjs/react.production.js',
    'C:/Users/wangh/workspace/cloudflareproject/red-smoke-b2ed/node_modules/lucide-react/dist/esm/lucide-react.js',
    'C:/Users/wangh/workspace/cloudflareproject/red-smoke-b2ed/node_modules/react-dom/index.js',
    'C:/Users/wangh/workspace/cloudflareproject/red-smoke-b2ed/node_modules/lucide-react/dist/esm/icons/alarm-clock-che
ck.js',
    
'C:/Users/wangh/workspace/cloudflareproject/red-smoke-b2ed/node_modules/lucide-react/dist/esm/icons/arrow-down-a-z.js',
    'C:/Users/wangh/workspace/cloudflareproject/red-smoke-b2ed/node_modules/lucide-react/dist/esm/icons/alarm-clock-min
us.js',
    'C:/Users/wangh/workspace/cloudflareproject/red-smoke-b2ed/node_modules/lucide-react/dist/esm/icons/arrow-down-wide
-narrow.js',
    'C:/Users/wangh/workspace/cloudflareproject/red-smoke-b2ed/node_modules/lucide-react/dist/esm/icons/alarm-clock-plu
s.js',
    
'C:/Users/wangh/workspace/cloudflareproject/red-smoke-b2ed/node_modules/lucide-react/dist/esm/icons/arrow-down-z-a.js',
    'C:/Users/wangh/workspace/cloudflareproject/red-smoke-b2ed/node_modules/lucide-react/dist/esm/icons/fingerprint-pat
tern.js',
    'C:/Users/wangh/workspace/cloudflareproject/red-smoke-b2ed/node_modules/lucide-react/dist/esm/icons/index.js',
    'C:/Users/wangh/workspace/cloudflareproject/red-smoke-b2ed/node_modules/lucide-react/dist/esm/icons/arrow-up-narrow
-wide.js',
    
'C:/Users/wangh/workspace/cloudflareproject/red-smoke-b2ed/node_modules/lucide-react/dist/esm/icons/arrow-up-a-z.js',
    
'C:/Users/wangh/workspace/cloudflareproject/red-smoke-b2ed/node_modules/lucide-react/dist/esm/icons/arrow-up-z-a.js',
    
'C:/Users/wangh/workspace/cloudflareproject/red-smoke-b2ed/node_modules/lucide-react/dist/esm/icons/badge-check.js',
    'C:/Users/wangh/workspace/cloudflareproject/red-smoke-b2ed/node_modules/lucide-react/dist/esm/icons/badge-question-
mark.js',
    'C:/Users/wangh/workspace/cloudflareproject/red-smoke-b2ed/node_modules/lucide-react/dist/esm/icons/between-horizon
tal-end.js',
    'C:/Users/wangh/workspace/cloudflareproject/red-smoke-b2ed/node_modules/lucide-react/dist/esm/icons/axis-3d.js',
    
'C:/Users/wangh/workspace/cloudflareproject/red-smoke-b2ed/node_modules/lucide-react/dist/esm/icons/book-dashed.js',
    'C:/Users/wangh/workspace/cloudflareproject/red-smoke-b2ed/node_modules/lucide-react/dist/esm/icons/between-horizon
tal-start.js',
    'C:/Users/wangh/workspace/cloudflareproject/red-smoke-b2ed/node_modules/lucide-react/dist/esm/icons/braces.js',
    'C:/Users/wangh/workspace/cloudflareproject/red-smoke-b2ed/node_modules/lucide-react/dist/esm/icons/captions.js',
    
'C:/Users/wangh/workspace/cloudflareproject/red-smoke-b2ed/node_modules/lucide-react/dist/esm/icons/chart-bar-big.js',
    'C:/Users/wangh/workspace/cloudflareproject/red-smoke-b2ed/node_modules/lucide-react/dist/esm/icons/chart-area.js',
    'C:/Users/wangh/workspace/cloudflareproject/red-smoke-b2ed/node_modules/lucide-react/dist/esm/icons/chart-bar.js',
    'C:/Users/wangh/workspace/cloudflareproject/red-smoke-b2ed/node_modules/lucide-react/dist/esm/icons/chart-column-bi
g.js',
    'C:/Users/wangh/workspace/cloudflareproject/red-smoke-b2ed/node_modules/lucide-react/dist/esm/icons/chart-column-in
creasing.js',
    
'C:/Users/wangh/workspace/cloudflareproject/red-smoke-b2ed/node_modules/lucide-react/dist/esm/icons/chart-column.js',
    'C:/Users/wangh/workspace/cloudflareproject/red-smoke-b2ed/node_modules/lucide-react/dist/esm/icons/chart-candlesti
ck.js',
    'C:/Users/wangh/workspace/cloudflareproject/red-smoke-b2ed/node_modules/lucide-react/dist/esm/icons/chart-no-axes-c
olumn-increasing.js',
    'C:/Users/wangh/workspace/cloudflareproject/red-smoke-b2ed/node_modules/lucide-react/dist/esm/icons/chart-line.js',
    'C:/Users/wangh/workspace/cloudflareproject/red-smoke-b2ed/node_modules/lucide-react/dist/esm/icons/chart-no-axes-c
olumn.js',
    'C:/Users/wangh/workspace/cloudflareproject/red-smoke-b2ed/node_modules/lucide-react/dist/esm/icons/chart-no-axes-g
antt.js',
    'C:/Users/wangh/workspace/cloudflareproject/red-smoke-b2ed/node_modules/lucide-react/dist/esm/icons/chart-pie.js',
    
'C:/Users/wangh/workspace/cloudflareproject/red-smoke-b2ed/node_modules/lucide-react/dist/esm/icons/chart-scatter.js',
    
'C:/Users/wangh/workspace/cloudflareproject/red-smoke-b2ed/node_modules/lucide-react/dist/esm/icons/circle-alert.js',
    'C:/Users/wangh/workspace/cloudflareproject/red-smoke-b2ed/node_modules/lucide-react/dist/esm/icons/circle-arrow-le
ft.js',
    'C:/Users/wangh/workspace/cloudflareproject/red-smoke-b2ed/node_modules/lucide-react/dist/esm/icons/circle-arrow-do
wn.js',
    'C:/Users/wangh/workspace/cloudflareproject/red-smoke-b2ed/node_modules/lucide-react/dist/esm/icons/circle-arrow-ou
t-down-left.js',
    'C:/Users/wangh/workspace/cloudflareproject/red-smoke-b2ed/node_modules/lucide-react/dist/esm/icons/circle-arrow-ou
t-down-right.js',
    'C:/Users/wangh/workspace/cloudflareproject/red-smoke-b2ed/node_modules/lucide-react/dist/esm/icons/circle-arrow-ou
t-up-left.js',
    'C:/Users/wangh/workspace/cloudflareproject/red-smoke-b2ed/node_modules/lucide-react/dist/esm/icons/circle-arrow-ou
t-up-right.js',
    
'C:/Users/wangh/workspace/cloudflareproject/red-smoke-b2ed/node_modules/lucide-react/dist/esm/icons/circle-check.js',
    'C:/Users/wangh/workspace/cloudflareproject/red-smoke-b2ed/node_modules/lucide-react/dist/esm/icons/circle-arrow-ri
ght.js',
    'C:/Users/wangh/workspace/cloudflareproject/red-smoke-b2ed/node_modules/lucide-react/dist/esm/icons/circle-check-bi
g.js',
    'C:/Users/wangh/workspace/cloudflareproject/red-smoke-b2ed/node_modules/lucide-react/dist/esm/icons/circle-chevron-
left.js',
    'C:/Users/wangh/workspace/cloudflareproject/red-smoke-b2ed/node_modules/lucide-react/dist/esm/icons/circle-arrow-up
.js',
    'C:/Users/wangh/workspace/cloudflareproject/red-smoke-b2ed/node_modules/lucide-react/dist/esm/icons/circle-chevron-
right.js',
    ... 1661 more items
  ],
  Symbol(augmented): true
}
